---
source: crates/agentgateway/src/types/local_tests.rs
description: "Config normalization test for health: YAML -> LocalConfig -> NormalizedLocalConfig -> YAML"
---
binds:
  - key: bind/3000
    address: "[::]:3000"
    protocol: http
    tunnelProtocol: direct
    listeners:
      ns/name/bind/3000/listener0:
        gatewayName: name
        gatewayNamespace: ns
        hostname: ""
        key: ns/name/bind/3000/listener0
        listenerName: listener0
        protocol: HTTP
listener_routes:
  - - ns/name/bind/3000/listener0
    - - backends:
          - backend: /ns/name/bind/3000/listener0/default/route0/backend0
            inlinePolicies:
              - health:
                  unhealthyExpression: response.code >= 500 || response.code == 429
                  eviction:
                    duration: 30s
            weight: 1
        key: ns/name/bind/3000/listener0/default/route0
        matches:
          - path:
              pathPrefix: /
        name: route0
        namespace: default
listener_tcp_routes:
  - - ns/name/bind/3000/listener0
    - []
policies: []
backends:
  - backend:
      mcp:
        name: ns/name/bind/3000/listener0/default/route0/backend0
        namespace: ""
        target:
          targets:
            - name: everything
              stdio:
                cmd: npx
                args:
                  - "@modelcontextprotocol/server-everything"
          stateful: true
          alwaysUsePrefix: false
          failureMode: failClosed
          sessionIdleTtl: 30m0s
route_groups: []
workloads: []
services: []
