---
source: crates/agentgateway/src/types/local_tests.rs
description: "Config normalization test for llm: YAML -> LocalConfig -> NormalizedLocalConfig -> YAML"
---
binds:
  - key: bind/8080
    address: "[::]:8080"
    protocol: http
    tunnelProtocol: direct
    listeners:
      ns/name/bind/8080/llm:
        gatewayName: name
        gatewayNamespace: ns
        hostname: ""
        key: ns/name/bind/8080/llm
        listenerName: llm
        protocol: HTTP
listener_routes:
  - - ns/name/bind/8080/llm
    - - backends:
          - backend: /ns/name/bind/8080/llm/default/route0/backend0
            weight: 1
        key: ns/name/bind/8080/llm/default/route0
        matches:
          - path:
              pathPrefix: /
        name: route0
        namespace: default
listener_tcp_routes:
  - - ns/name/bind/8080/llm
    - []
policies: []
backends:
  - backend:
      ai:
        name: ns/name/bind/8080/llm/default/route0/backend0
        namespace: ""
        target:
          providers:
            - active:
                anthropic:
                  endpoint:
                    name: anthropic
                    provider:
                      anthropic: {}
                    hostOverride: ~
                    pathOverride: ~
                    pathPrefix: ~
                    tokenize: false
                  info:
                    health: 1
                    request_latency: 0
                    pending_requests: 0
                    total_requests: 0
                    consecutive_failures: 0
                    times_ejected: 0
                    evicted_until: ~
              rejected: {}
            - active:
                openai:
                  endpoint:
                    name: openai
                    provider:
                      openAI: {}
                    hostOverride: ~
                    pathOverride: ~
                    pathPrefix: ~
                    tokenize: false
                  info:
                    health: 1
                    request_latency: 0
                    pending_requests: 0
                    total_requests: 0
                    consecutive_failures: 0
                    times_ejected: 0
                    evicted_until: ~
                overrides:
                  endpoint:
                    name: overrides
                    provider:
                      openAI:
                        model: some-model
                    hostOverride: "example.com:443"
                    pathOverride: /api/v1/chat/completions
                    pathPrefix: ~
                    tokenize: false
                    inlinePolicies:
                      - backendTLS: ~
                      - backendAuth:
                          key:
                            value: "<redacted>"
                            location:
                              header:
                                name: authorization
                                prefix: "Bearer "
                  info:
                    health: 1
                    request_latency: 0
                    pending_requests: 0
                    total_requests: 0
                    consecutive_failures: 0
                    times_ejected: 0
                    evicted_until: ~
              rejected: {}
route_groups: []
workloads: []
services: []
