---
source: crates/agentgateway/src/types/local_tests.rs
description: "Config normalization test for llm_simple: YAML -> LocalConfig -> NormalizedLocalConfig -> YAML"
---
binds:
  - key: bind/4000
    address: "[::]:4000"
    protocol: http
    tunnelProtocol: direct
    listeners:
      llm:
        gatewayName: name
        gatewayNamespace: ns
        hostname: "*"
        key: llm
        listenerName: llm
        protocol: HTTP
listener_routes:
  - - llm
    - - inlinePolicies:
          - responseHeaderModifier:
              set:
                Content-Type: application/json
          - directResponse:
              body: eyJkYXRhIjpbeyJpZCI6ImNsYXVkZS0zLWhhaWt1Iiwib2JqZWN0IjoibW9kZWwiLCJjcmVhdGVkIjowLCJvd25lZF9ieSI6Im9wZW5haSJ9LHsiaWQiOiJnZW1pbmktMC41LXBybyIsIm9iamVjdCI6Im1vZGVsIiwiY3JlYXRlZCI6MCwib3duZWRfYnkiOiJvcGVuYWkifSx7ImlkIjoiZ3B0LTctbWF4Iiwib2JqZWN0IjoibW9kZWwiLCJjcmVhdGVkIjowLCJvd25lZF9ieSI6Im9wZW5haSJ9LHsiaWQiOiJncHQtMy41LXR1cmJvIiwib2JqZWN0IjoibW9kZWwiLCJjcmVhdGVkIjowLCJvd25lZF9ieSI6Im9wZW5haSJ9XSwib2JqZWN0IjoibGlzdCJ9
              status: 200
        key: "llm:admin:model-list"
        matches:
          - path:
              pathPrefix: /v1/models
          - path:
              pathPrefix: /models
        name: "admin:model-list"
        namespace: internal
      - backends:
          - backend: "/llm:model:claude-3-haiku:0"
            weight: 1
        inlinePolicies:
          - ai:
              routes:
                "*": passthrough
                /v1/chat/completions: completions
                /v1/embeddings: embeddings
                /v1/images/edits: detect
                /v1/images/generations: detect
                /v1/images/variations: detect
                /v1/messages: messages
                /v1/responses: responses
                /v1/responses/compact: detect
                ":rawPredict": messages
                ":streamRawPredict": messages
        key: "llm:model:000000:claude-3-haiku"
        matches:
          - headers:
              - name: x-org
                value:
                  exact: engineering
              - name: x-gateway-model-name
                value:
                  exact: claude-3-haiku
            path:
              pathPrefix: /
        name: "model:claude-3-haiku"
        namespace: internal
      - backends:
          - backend: "/llm:model:gemini-0.5-pro:1"
            weight: 1
        inlinePolicies:
          - ai:
              routes:
                "*": passthrough
                /v1/chat/completions: completions
                /v1/embeddings: embeddings
                /v1/images/edits: detect
                /v1/images/generations: detect
                /v1/images/variations: detect
                /v1/messages: messages
                /v1/responses: responses
                /v1/responses/compact: detect
                ":rawPredict": messages
                ":streamRawPredict": messages
        key: "llm:model:000001:gemini-0.5-pro"
        matches:
          - headers:
              - name: x-gateway-model-name
                value:
                  exact: gemini-0.5-pro
            path:
              pathPrefix: /
        name: "model:gemini-0.5-pro"
        namespace: internal
      - backends:
          - backend: "/llm:model:gpt-7-max:2"
            weight: 1
        inlinePolicies:
          - ai:
              routes:
                "*": passthrough
                /v1/chat/completions: completions
                /v1/embeddings: embeddings
                /v1/images/edits: detect
                /v1/images/generations: detect
                /v1/images/variations: detect
                /v1/messages: messages
                /v1/responses: responses
                /v1/responses/compact: detect
                ":rawPredict": messages
                ":streamRawPredict": messages
        key: "llm:model:000002:gpt-7-max"
        matches:
          - headers:
              - name: x-gateway-model-name
                value:
                  exact: gpt-7-max
            path:
              pathPrefix: /
        name: "model:gpt-7-max"
        namespace: internal
      - backends:
          - backend: "/llm:model:gpt-3.5-turbo:3"
            weight: 1
        inlinePolicies:
          - ai:
              routes:
                "*": passthrough
                /v1/chat/completions: completions
                /v1/embeddings: embeddings
                /v1/images/edits: detect
                /v1/images/generations: detect
                /v1/images/variations: detect
                /v1/messages: messages
                /v1/responses: responses
                /v1/responses/compact: detect
                ":rawPredict": messages
                ":streamRawPredict": messages
        key: "llm:model:000003:gpt-3.5-turbo"
        matches:
          - headers:
              - name: x-gateway-model-name
                value:
                  exact: gpt-3.5-turbo
            path:
              pathPrefix: /
        name: "model:gpt-3.5-turbo"
        namespace: internal
listener_tcp_routes:
  - - llm
    - []
policies:
  - key: listener/0
    name: ~
    target:
      gateway:
        gatewayName: name
        gatewayNamespace: ns
        listenerName: llm
    policy:
      traffic:
        jwtAuth:
          location:
            header:
              name: authorization
              prefix: "Bearer "
          mode: optional
          providers:
            - issuer: agentgateway.dev
              keys: []
        phase: gateway
  - key: listener/1
    name: ~
    target:
      gateway:
        gatewayName: name
        gatewayNamespace: ns
        listenerName: llm
    policy:
      traffic:
        authorization:
          rules:
            allow:
              - "jwt.email.endsWith(\"@example.com\")"
        phase: route
  - key: "llm:transformation"
    name:
      kind: Local
      name: "llm:transformation"
      namespace: internal
    target:
      gateway:
        gatewayName: name
        gatewayNamespace: ns
        listenerName: llm
    policy:
      traffic:
        phase: gateway
        transformation:
          request:
            set:
              - - x-gateway-model-name
                - "\nrequest.path.endsWith(\":streamRawPredict\") || request.path.endsWith(\":rawPredict\") ?\nrequest.path.regexReplace(\"^.*/publishers/anthropic/models/(.+?):.*\", \"${1}\") :\njson(request.body).model\n"
              - - anthropic-beta
                - "request.headers['anthropic-beta'].split(',').filter(v, v.trim() in [])"
          response: {}
  - key: frontend/accessLog
    name: ~
    target:
      gateway:
        gatewayName: name
        gatewayNamespace: ns
        listenerName: ~
    policy:
      frontend:
        accessLog:
          add:
            user: "request.headers[\"user-agent\"]"
backends:
  - backend:
      ai:
        name: "llm:model:claude-3-haiku:0"
        namespace: ""
        target:
          providers:
            - active:
                claude-3-haiku:
                  endpoint:
                    name: claude-3-haiku
                    provider:
                      anthropic:
                        model: claude-haiku-4-5-20251001
                    hostOverride: "anthropic.internal:8443"
                    pathOverride: /v1/messages
                    pathPrefix: ~
                    tokenize: true
                    inlinePolicies:
                      - backendAuth:
                          key:
                            value: "<redacted>"
                            location:
                              header:
                                name: authorization
                                prefix: "Bearer "
                  info:
                    health: 1
                    request_latency: 0
                    pending_requests: 0
                    total_requests: 0
                    consecutive_failures: 0
                    times_ejected: 0
                    evicted_until: ~
              rejected: {}
    inlinePolicies:
      - backendTLS: ~
      - requestHeaderModifier:
          remove:
            - x-gateway-model-name
      - responseHeaderModifier:
          remove:
            - server
      - health:
          unhealthyExpression: response.code >= 500 || response.code == 429
          eviction:
            duration: 30s
      - ai: {}
  - backend:
      ai:
        name: "llm:model:gemini-0.5-pro:1"
        namespace: ""
        target:
          providers:
            - active:
                gemini-0.5-pro:
                  endpoint:
                    name: gemini-0.5-pro
                    provider:
                      vertex:
                        model: claude-haiku-4-5-20251001
                        region: global
                        projectId: my-vertex-project
                    hostOverride: ~
                    pathOverride: ~
                    pathPrefix: ~
                    tokenize: false
                    inlinePolicies:
                      - backendAuth:
                          key:
                            value: "<redacted>"
                            location:
                              header:
                                name: authorization
                                prefix: "Bearer "
                  info:
                    health: 1
                    request_latency: 0
                    pending_requests: 0
                    total_requests: 0
                    consecutive_failures: 0
                    times_ejected: 0
                    evicted_until: ~
              rejected: {}
    inlinePolicies:
      - requestHeaderModifier:
          remove:
            - x-gateway-model-name
      - ai: {}
  - backend:
      ai:
        name: "llm:model:gpt-7-max:2"
        namespace: ""
        target:
          providers:
            - active:
                gpt-7-max:
                  endpoint:
                    name: gpt-7-max
                    provider:
                      azure:
                        model: gpt-3.5-turbo
                        resourceName: my-azure-openai-endpoint
                        resourceType: openAI
                        apiVersion: v1
                    hostOverride: ~
                    pathOverride: ~
                    pathPrefix: ~
                    tokenize: false
                  info:
                    health: 1
                    request_latency: 0
                    pending_requests: 0
                    total_requests: 0
                    consecutive_failures: 0
                    times_ejected: 0
                    evicted_until: ~
              rejected: {}
    inlinePolicies:
      - requestHeaderModifier:
          remove:
            - x-gateway-model-name
      - ai: {}
  - backend:
      ai:
        name: "llm:model:gpt-3.5-turbo:3"
        namespace: ""
        target:
          providers:
            - active:
                gpt-3.5-turbo:
                  endpoint:
                    name: gpt-3.5-turbo
                    provider:
                      openAI: {}
                    hostOverride: ~
                    pathOverride: ~
                    pathPrefix: ~
                    tokenize: false
                  info:
                    health: 1
                    request_latency: 0
                    pending_requests: 0
                    total_requests: 0
                    consecutive_failures: 0
                    times_ejected: 0
                    evicted_until: ~
              rejected: {}
    inlinePolicies:
      - requestHeaderModifier:
          remove:
            - x-gateway-model-name
      - ai: {}
route_groups: []
workloads: []
services: []
