---
source: crates/agentgateway/src/llm/tests.rs
description: src/llm/tests/response/anthropic/basic.json
info:
  id: msg_012JYtNYb8sv6Hb67TcGT7xW
  type: message
  role: assistant
  model: claude-haiku-4-5-20251001
  content:
    - type: text
      text: Hi there! How are you doing today? Is there anything I can help you with?
  stop_reason: end_turn
  stop_sequence: ~
  usage:
    input_tokens: 15
    cache_creation_input_tokens: 13
    cache_read_input_tokens: 12
    output_tokens: 21
    service_tier: standard
---
{
  "response": {
    "model": "claude-haiku-4-5-20251001",
    "service_tier": "standard",
    "usage": {
      "prompt_tokens": 15,
      "completion_tokens": 21,
      "total_tokens": 36,
      "prompt_tokens_details": {
        "cached_tokens": 12
      },
      "cache_read_input_tokens": 12,
      "cache_creation_input_tokens": 13
    },
    "choices": [
      {
        "message": {
          "content": "Hi there! How are you doing today? Is there anything I can help you with?",
          "role": "assistant"
        },
        "index": 0,
        "finish_reason": "stop"
      }
    ],
    "id": "[id]",
    "created": "[date]",
    "object": "chat.completion"
  },
  "parsed": {
    "input_tokens": 15,
    "output_tokens": 21,
    "total_tokens": 36,
    "cached_input_tokens": 12,
    "service_tier": "standard",
    "provider_model": "claude-haiku-4-5-20251001"
  }
}
