---
source: crates/agentgateway/src/llm/tests.rs
description: src/llm/tests/response/anthropic/multiple_text_blocks.json
info:
  id: msg_012JYtNYb8sv6Hb67TcGT7xW
  type: message
  role: assistant
  model: claude-haiku-4-5-20251001
  content:
    - type: text
      text: "The sky is "
    - type: text
      text: blue during the day
      citations:
        - type: char_location
          cited_text: the sky appears blue
          document_index: 0
          document_title: Sky Facts
          start_char_index: 0
          end_char_index: 20
    - type: text
      text: "."
  stop_reason: end_turn
  stop_sequence: ~
  usage:
    input_tokens: 15
    output_tokens: 21
    service_tier: standard
---
{
  "response": {
    "model": "claude-haiku-4-5-20251001",
    "service_tier": "standard",
    "usage": {
      "prompt_tokens": 15,
      "completion_tokens": 21,
      "total_tokens": 36
    },
    "choices": [
      {
        "message": {
          "content": "The sky is blue during the day.",
          "role": "assistant"
        },
        "index": 0,
        "finish_reason": "stop"
      }
    ],
    "id": "[id]",
    "created": "[date]",
    "object": "chat.completion"
  },
  "parsed": {
    "input_tokens": 15,
    "output_tokens": 21,
    "total_tokens": 36,
    "service_tier": "standard",
    "provider_model": "claude-haiku-4-5-20251001"
  }
}
