---
source: crates/agentgateway/src/llm/tests.rs
description: src/llm/tests/response/vertex/embeddings.json
info:
  predictions:
    - embeddings:
        values:
          - -0.006603240966796875
          - -0.054168701171875
          - 0.0121917724609375
        statistics:
          token_count: 4
          truncated: false
    - embeddings:
        values:
          - 0.024810791015625
          - 0.070068359375
          - 0.04156494140625
        statistics:
          token_count: 5
          truncated: false
---
{
  "response": {
    "object": "list",
    "model": "text-embedding-004",
    "usage": {
      "prompt_tokens": 9,
      "total_tokens": 9
    },
    "data": [
      {
        "index": 0,
        "object": "embedding",
        "embedding": [
          -0.006603240966796875,
          -0.054168701171875,
          0.0121917724609375
        ]
      },
      {
        "index": 1,
        "object": "embedding",
        "embedding": [
          0.024810791015625,
          0.070068359375,
          0.04156494140625
        ]
      }
    ]
  },
  "parsed": {
    "input_tokens": 9,
    "total_tokens": 9
  }
}
