---
source: crates/agentgateway/src/llm/tests.rs
description: src/llm/tests/response/bedrock-titan/embeddings.json
info:
  embedding:
    - -0.006603240966796875
    - -0.054168701171875
    - 0.0121917724609375
  inputTextTokenCount: 3
---
{
  "response": {
    "object": "list",
    "model": "amazon.titan-embed-text-v2:0",
    "usage": {
      "prompt_tokens": 3,
      "total_tokens": 3
    },
    "data": [
      {
        "index": 0,
        "object": "embedding",
        "embedding": [
          -0.006603240966796875,
          -0.054168701171875,
          0.0121917724609375
        ]
      }
    ]
  },
  "parsed": {
    "input_tokens": 3,
    "total_tokens": 3
  }
}
